// Jest Snapshot v1, https://goo.gl/fbAQLP

exports[`currentbans command snaphot of interaction data 1`] = `
{
  "description": "Generate a random meme",
  "name": "meme",
  "options": [],
}
`;
