// Jest Snapshot v1, https://goo.gl/fbAQLP

exports[`settings command snaphot of interaction data 1`] = `
{
  "description": "Get a list of current bans",
  "name": "currentbans",
  "options": [],
}
`;
